0e0711b8-3d19-45b6-b306-6f3d9f3dec67:1746116814706:72:S:CREATE TABLE Station (\n    STATIONID NUMBER PRIMARY KEY,\n    NAME VARCHAR2(100) NOT NULL,\n    BESCHREIBUNG VARCHAR2(200),\n    ORT VARCHAR2(50),\n    AKTIV CHAR(1) DEFAULT 'Y' CHECK (AKTIV IN ('Y', 'N'))\n);
cde5e865-4e6c-4e67-a2ce-7adc2638a2f7:1746116814975:59:S:INSERT INTO Station (STATIONID, NAME, BESCHREIBUNG, ORT, AKTIV) \nVALUES (1, 'Station 1', 'Laufbahn', 'Sportplatz Nord', 'Y');
e0d52590-9eff-4ac8-a0b0-6b2b2530c532:1746116815177:36:S:INSERT INTO Station (STATIONID, NAME, BESCHREIBUNG, ORT, AKTIV) \nVALUES (2, 'Station 2', 'Weitsprung', 'Sportplatz Ost', 'Y');
729c495e-9d2b-446d-bbda-66d3e1f54591:1746116815282:35:S:COMMIT;
3baeeb1b-45b6-434a-a7e7-0224cc322b2b:1746607742592:0:F:INSERT INTO BETREUER (BETREUERID, NAME) VALUES (1, 'LEW');
32c3f30a-13f1-4b78-ae8d-b00293ace7cf:1746607742858:0:F:INSERT INTO BETREUER (BETREUERID, NAME) VALUES (4, 'HES');
6519ab25-6c5d-494c-9fdc-fdd32f2954d8:1746607743084:0:F:INSERT INTO BETREUER (BETREUERID, NAME) VALUES (6, 'BOE');
98da4449-118d-4ea3-af52-1a83556977f7:1746607743301:0:F:INSERT INTO BETREUER (BETREUERID, NAME) VALUES (8, 'GEM');
324b4693-0701-4838-bb19-8d90b0991ce2:1746607743592:0:F:INSERT INTO BETREUER (BETREUERID, NAME) VALUES (9, 'BUN');
88367b87-86c2-4da9-9981-01eb771bdd83:1746607743786:0:F:INSERT INTO BETREUER (BETREUERID, NAME) VALUES (10, 'LOR');
badb9ee5-6fbf-4d7c-89d3-3abcd4132516:1746607743988:0:F:INSERT INTO BETREUER (BETREUERID, NAME) VALUES (11, 'MAR');
24257844-46d4-4e23-817a-1c616de4266a:1746607744171:0:F:INSERT INTO BETREUER (BETREUERID, NAME) VALUES (12, 'STF');
754e1545-f847-490d-8362-3ea9997043d3:1746607744369:0:F:INSERT INTO BETREUER (BETREUERID, NAME) VALUES (13, 'SAL');
a3b6ee70-9c06-4512-9cbc-2decacd647b7:1746607744568:0:F:INSERT INTO BETREUER (BETREUERID, NAME) VALUES (14, 'MUE');
50169337-8188-4095-8551-a3b041dee879:1746607744850:0:F:INSERT INTO BETREUER (BETREUERID, NAME) VALUES (15, 'FES');
1646299f-9e71-4425-a1e6-7175a143097b:1746607745062:0:F:INSERT INTO BETREUER (BETREUERID, NAME) VALUES (16, 'HNK');
2379c864-8189-45bf-9e73-9f5e91874daa:1746607745270:0:F:INSERT INTO BETREUER (BETREUERID, NAME) VALUES (17, 'SIG');
c7552a80-3195-4003-91c4-6251781ba2ac:1746607745473:0:F:INSERT INTO BETREUER (BETREUERID, NAME) VALUES (18, 'SON');
ca751c8f-e0a9-4baf-a308-381feed0ba0b:1746607745719:0:F:INSERT INTO BETREUER (BETREUERID, NAME) VALUES (19, 'DRO');
0dbb9c64-81a6-4147-91e7-c3324c1d7b68:1746607745930:0:F:INSERT INTO BETREUER (BETREUERID, NAME) VALUES (20, 'STR');
166bf095-725a-461e-9857-1249ec5a091a:1746607746136:0:F:INSERT INTO BETREUER (BETREUERID, NAME) VALUES (21, 'WEL');
266e5451-2ccc-4048-a52e-c9b899a06cca:1746607746341:0:F:INSERT INTO BETREUER (BETREUERID, NAME) VALUES (22, 'LES');
61167ec2-47e3-4568-8b8f-b04043f1875b:1746607746573:0:F:INSERT INTO BETREUER (BETREUERID, NAME) VALUES (23, 'MEY');
b682f5d5-9d86-49fb-843b-2a5bc9d2d705:1746607746829:0:F:INSERT INTO BETREUER (BETREUERID, NAME) VALUES (24, 'HAP');
aeced57d-1fb9-41dd-a11b-b2089d1dd755:1746607747049:0:F:INSERT INTO BETREUER (BETREUERID, NAME) VALUES (25, 'PAN');
62b6dbc5-045a-466b-8553-d7a6478f162f:1746607950622:0:F:INSERT INTO BETREUER (BETREUERID, NAME) VALUES (26, 'LEW');
6f6b5cb8-9a38-4561-a4fb-7184cf23d5ce:1746607954345:0:F:INSERT INTO BETREUER (BETREUERID, NAME) VALUES (27, 'HES');
ec1d1c82-d8cc-472a-90dc-dc93a9b3c7f4:1746607958036:0:F:INSERT INTO BETREUER (BETREUERID, NAME) VALUES (28, 'BOE');
38f76bfe-200b-4b0a-ab77-f7b53da7f766:1746607961809:0:F:INSERT INTO BETREUER (BETREUERID, NAME) VALUES (8, 'GEM');
d8b6688c-03bb-4026-ab74-0ce2298124c6:1746607962025:0:F:INSERT INTO BETREUER (BETREUERID, NAME) VALUES (9, 'BUN');
8441abac-9590-4690-b411-78c5a0fbf1c9:1746607962200:0:F:INSERT INTO BETREUER (BETREUERID, NAME) VALUES (10, 'LOR');
116d17d2-bf6c-4462-8d56-8145a35d7766:1746607962390:0:F:INSERT INTO BETREUER (BETREUERID, NAME) VALUES (11, 'MAR');
28a85b7e-b5b8-40e9-8fa7-e13549fc740f:1746607962603:0:F:INSERT INTO BETREUER (BETREUERID, NAME) VALUES (12, 'STF');
416dadad-e393-409b-b75e-19912408552b:1746607962824:0:F:INSERT INTO BETREUER (BETREUERID, NAME) VALUES (13, 'SAL');
87e52cd5-3ae6-4626-9476-5b69f0dc8101:1746607963003:0:F:INSERT INTO BETREUER (BETREUERID, NAME) VALUES (14, 'MUE');
21a3175e-f572-46dc-826a-510f417d2663:1746607963192:0:F:INSERT INTO BETREUER (BETREUERID, NAME) VALUES (15, 'FES');
8cea72af-e9fc-406c-9b05-066e76ce8f07:1746607963384:0:F:INSERT INTO BETREUER (BETREUERID, NAME) VALUES (16, 'HNK');
f98f4dfb-d8ae-4cca-961e-d4384462c0a6:1746607963576:0:F:INSERT INTO BETREUER (BETREUERID, NAME) VALUES (17, 'SIG');
c37d5a7a-cd71-4dda-a432-0fe8f714153c:1746607963792:0:F:INSERT INTO BETREUER (BETREUERID, NAME) VALUES (18, 'SON');
503b89de-a0b4-4fcd-b660-c737d21020a3:1746607964102:0:F:INSERT INTO BETREUER (BETREUERID, NAME) VALUES (19, 'DRO');
4ccdb654-209f-40c6-b6a8-d916e41a2d8c:1746607964333:0:F:INSERT INTO BETREUER (BETREUERID, NAME) VALUES (20, 'STR');
99387c5b-3f68-4ca5-90af-a447babfc193:1746607964558:0:F:INSERT INTO BETREUER (BETREUERID, NAME) VALUES (21, 'WEL');
4b8ea96a-c094-4f6c-a94a-f39f7b938642:1746607964760:0:F:INSERT INTO BETREUER (BETREUERID, NAME) VALUES (22, 'LES');
c8d93076-e549-434f-bbf2-cf24ce0fc39d:1746607964962:0:F:INSERT INTO BETREUER (BETREUERID, NAME) VALUES (23, 'MEY');
78fab1cb-df32-4bdc-9db1-4747cbf69415:1746607965189:0:F:INSERT INTO BETREUER (BETREUERID, NAME) VALUES (24, 'HAP');
22607623-b1a7-4656-8569-cac462382009:1746607965400:0:F:INSERT INTO BETREUER (BETREUERID, NAME) VALUES (25, 'PAN');
6d343930-6f81-4168-b160-5f495060e383:1746608115591:0:F:INSERT INTO BETREUER (BETREUERID, NAME) VALUES (26, 'LEW');
877eb98e-d1e9-454d-93cd-8f2a675c4bc2:1746608122367:0:F:INSERT INTO BETREUER (BETREUERID, NAME) VALUES (27, 'HES');
833eb9bb-b1bf-4117-b69e-d4a02bee6b7f:1746608129186:0:F:INSERT INTO BETREUER (BETREUERID, NAME) VALUES (28, 'BOE');
f6794e06-c998-4d59-b9c5-885dce90218c:1746608135904:0:F:INSERT INTO BETREUER (BETREUERID, NAME) VALUES (8, 'GEM');
13d2f8a7-b5bd-48d2-8dc5-d9f964e54332:1746608136110:0:F:INSERT INTO BETREUER (BETREUERID, NAME) VALUES (9, 'BUN');
d9aae4c0-00b0-4b47-8cde-9d665bd159a8:1746608136324:0:F:INSERT INTO BETREUER (BETREUERID, NAME) VALUES (10, 'LOR');
0b076c6b-46ed-4c07-8056-16d21db8a59c:1746608136504:0:F:INSERT INTO BETREUER (BETREUERID, NAME) VALUES (11, 'MAR');
eb35a43a-7cad-4514-99c8-9525c240b6c0:1746608136678:0:F:INSERT INTO BETREUER (BETREUERID, NAME) VALUES (12, 'STF');
0edccfb7-4eae-430a-8048-613141a48ed2:1746608137064:0:F:INSERT INTO BETREUER (BETREUERID, NAME) VALUES (13, 'SAL');
4a9b7aeb-e995-4803-96b5-e25a83c0fddf:1746608137377:0:F:INSERT INTO BETREUER (BETREUERID, NAME) VALUES (14, 'MUE');
ce3467ab-2e6f-4819-84a9-23c64d72cdb1:1746608137683:0:F:INSERT INTO BETREUER (BETREUERID, NAME) VALUES (15, 'FES');
e018857f-c1dc-4448-80bc-fcae9e484a55:1746608138078:0:F:INSERT INTO BETREUER (BETREUERID, NAME) VALUES (16, 'HNK');
0baa4682-a10e-4530-bf81-ac2f37ad7f9a:1746608138392:0:F:INSERT INTO BETREUER (BETREUERID, NAME) VALUES (17, 'SIG');
272ccb02-0d93-43e9-9637-3c2c5b2ebd2e:1746608138762:0:F:INSERT INTO BETREUER (BETREUERID, NAME) VALUES (18, 'SON');
87e43d2f-a5e5-4464-a177-b1c99ca612b6:1746608139133:0:F:INSERT INTO BETREUER (BETREUERID, NAME) VALUES (19, 'DRO');
f896b0ff-83c2-453d-a3ff-f5a25246b612:1746608139485:0:F:INSERT INTO BETREUER (BETREUERID, NAME) VALUES (20, 'STR');
cb32a9db-065d-4acb-8fb9-2f64f2822561:1746608139730:0:F:INSERT INTO BETREUER (BETREUERID, NAME) VALUES (21, 'WEL');
9acdcabb-bb50-497a-82f6-26eee84e6b38:1746608140095:0:F:INSERT INTO BETREUER (BETREUERID, NAME) VALUES (22, 'LES');
0659c64b-87b5-4b8a-9925-8dd04ab65d96:1746608140445:0:F:INSERT INTO BETREUER (BETREUERID, NAME) VALUES (23, 'MEY');
f5bade41-c125-4c3b-8885-1c3455648ef6:1746608140803:0:F:INSERT INTO BETREUER (BETREUERID, NAME) VALUES (24, 'HAP');
d9e1e7d8-6cf8-4e29-8952-6f638edce259:1746608140983:0:F:INSERT INTO BETREUER (BETREUERID, NAME) VALUES (25, 'PAN');
daaa32b6-407b-4a03-8f2b-1503f0dcc0f9:1746608148580:173:S:SELECT * FROM BETREUER ORDER BY BETREUERID;
15f99409-cfe6-43af-8c6a-dc070c8ecbdd:1746608149210:0:F:MERGE INTO BETREUER t\nUSING (SELECT 'LEW' AS NAME FROM dual) s\nON (t.NAME = s.NAME)\nWHEN NOT MATCHED THEN\n    INSERT (BETREUERID, NAME) VALUES (BETREUER_SEQ.NEXTVAL, 'LEW');
ffaf9d73-7abe-48ac-8a27-2527378c825c:1746608149867:0:F:MERGE INTO BETREUER t\nUSING (SELECT 'Anna' AS NAME FROM dual) s\nON (t.NAME = s.NAME)\nWHEN NOT MATCHED THEN\n    INSERT (BETREUERID, NAME) VALUES (BETREUER_SEQ.NEXTVAL, 'Anna');
2ecb92bb-e994-4483-9e35-1ce8b1b0d74d:1746608150518:0:F:MERGE INTO BETREUER t\nUSING (SELECT 'Ina' AS NAME FROM dual) s\nON (t.NAME = s.NAME)\nWHEN NOT MATCHED THEN\n    INSERT (BETREUERID, NAME) VALUES (BETREUER_SEQ.NEXTVAL, 'Ina');
e79deb4b-393e-4a72-803d-b62a220b3d58:1746608151143:0:F:MERGE INTO BETREUER t\nUSING (SELECT 'HES' AS NAME FROM dual) s\nON (t.NAME = s.NAME)\nWHEN NOT MATCHED THEN\n    INSERT (BETREUERID, NAME) VALUES (BETREUER_SEQ.NEXTVAL, 'HES');
556be6d8-6d54-4509-85aa-35885e45fdd1:1746608151777:0:F:MERGE INTO BETREUER t\nUSING (SELECT 'Sportlehrer' AS NAME FROM dual) s\nON (t.NAME = s.NAME)\nWHEN NOT MATCHED THEN\n    INSERT (BETREUERID, NAME) VALUES (BETREUER_SEQ.NEXTVAL, 'Sportlehrer');
4707844b-cc04-492b-8e4c-bef073c8b24a:1746608152385:0:F:MERGE INTO BETREUER t\nUSING (SELECT 'BOE' AS NAME FROM dual) s\nON (t.NAME = s.NAME)\nWHEN NOT MATCHED THEN\n    INSERT (BETREUERID, NAME) VALUES (BETREUER_SEQ.NEXTVAL, 'BOE');
d526ef2f-a14c-416f-a34f-e08f5c3c530c:1746608152994:0:F:MERGE INTO BETREUER t\nUSING (SELECT 'SEPE' AS NAME FROM dual) s\nON (t.NAME = s.NAME)\nWHEN NOT MATCHED THEN\n    INSERT (BETREUERID, NAME) VALUES (BETREUER_SEQ.NEXTVAL, 'SEPE');
eb396bd3-5ff2-4e2c-9a81-07673caf65d1:1746608153662:0:F:MERGE INTO BETREUER t\nUSING (SELECT 'GEM' AS NAME FROM dual) s\nON (t.NAME = s.NAME)\nWHEN NOT MATCHED THEN\n    INSERT (BETREUERID, NAME) VALUES (BETREUER_SEQ.NEXTVAL, 'GEM');
62de545d-5a72-42ae-8a95-5a95b8257ce9:1746608154313:0:F:MERGE INTO BETREUER t\nUSING (SELECT 'BUN' AS NAME FROM dual) s\nON (t.NAME = s.NAME)\nWHEN NOT MATCHED THEN\n    INSERT (BETREUERID, NAME) VALUES (BETREUER_SEQ.NEXTVAL, 'BUN');
8af71e5d-30ab-4a63-9e60-ce709f0699e4:1746608154901:0:F:MERGE INTO BETREUER t\nUSING (SELECT 'LOR' AS NAME FROM dual) s\nON (t.NAME = s.NAME)\nWHEN NOT MATCHED THEN\n    INSERT (BETREUERID, NAME) VALUES (BETREUER_SEQ.NEXTVAL, 'LOR');
02304d27-4f61-4d20-9447-54c0b2560909:1746608155360:0:F:MERGE INTO BETREUER t\nUSING (SELECT 'MAR' AS NAME FROM dual) s\nON (t.NAME = s.NAME)\nWHEN NOT MATCHED THEN\n    INSERT (BETREUERID, NAME) VALUES (BETREUER_SEQ.NEXTVAL, 'MAR');
b09c0205-14c2-4b52-9234-7c8c358d8cb6:1746608155820:0:F:MERGE INTO BETREUER t\nUSING (SELECT 'STF' AS NAME FROM dual) s\nON (t.NAME = s.NAME)\nWHEN NOT MATCHED THEN\n    INSERT (BETREUERID, NAME) VALUES (BETREUER_SEQ.NEXTVAL, 'STF');
a35bf19d-fb51-4076-8077-41a65ffcc01f:1746608156293:0:F:MERGE INTO BETREUER t\nUSING (SELECT 'SAL' AS NAME FROM dual) s\nON (t.NAME = s.NAME)\nWHEN NOT MATCHED THEN\n    INSERT (BETREUERID, NAME) VALUES (BETREUER_SEQ.NEXTVAL, 'SAL');
ac39d24a-48ce-4135-950d-e018db7139b6:1746608156763:0:F:MERGE INTO BETREUER t\nUSING (SELECT 'MUE' AS NAME FROM dual) s\nON (t.NAME = s.NAME)\nWHEN NOT MATCHED THEN\n    INSERT (BETREUERID, NAME) VALUES (BETREUER_SEQ.NEXTVAL, 'MUE');
7928da1a-5e49-46e6-8438-ab90ac956348:1746608157221:0:F:MERGE INTO BETREUER t\nUSING (SELECT 'FES' AS NAME FROM dual) s\nON (t.NAME = s.NAME)\nWHEN NOT MATCHED THEN\n    INSERT (BETREUERID, NAME) VALUES (BETREUER_SEQ.NEXTVAL, 'FES');
1a639bec-51f3-465e-b0f9-6f090705a233:1746608157857:0:F:MERGE INTO BETREUER t\nUSING (SELECT 'HNK' AS NAME FROM dual) s\nON (t.NAME = s.NAME)\nWHEN NOT MATCHED THEN\n    INSERT (BETREUERID, NAME) VALUES (BETREUER_SEQ.NEXTVAL, 'HNK');
43d7383b-206d-44b7-be16-e6d6a50e011d:1746608158503:0:F:MERGE INTO BETREUER t\nUSING (SELECT 'SIG' AS NAME FROM dual) s\nON (t.NAME = s.NAME)\nWHEN NOT MATCHED THEN\n    INSERT (BETREUERID, NAME) VALUES (BETREUER_SEQ.NEXTVAL, 'SIG');
4e9fe05d-5a74-4d17-b22b-3cb650594830:1746608159004:0:F:MERGE INTO BETREUER t\nUSING (SELECT 'SON' AS NAME FROM dual) s\nON (t.NAME = s.NAME)\nWHEN NOT MATCHED THEN\n    INSERT (BETREUERID, NAME) VALUES (BETREUER_SEQ.NEXTVAL, 'SON');
445c07d6-ec91-4cad-8b0c-47845bd91832:1746608159595:0:F:MERGE INTO BETREUER t\nUSING (SELECT 'DRO' AS NAME FROM dual) s\nON (t.NAME = s.NAME)\nWHEN NOT MATCHED THEN\n    INSERT (BETREUERID, NAME) VALUES (BETREUER_SEQ.NEXTVAL, 'DRO');
1fd3ecdf-2a8b-41f9-8286-6393f19c9b29:1746608160285:0:F:MERGE INTO BETREUER t\nUSING (SELECT 'STR' AS NAME FROM dual) s\nON (t.NAME = s.NAME)\nWHEN NOT MATCHED THEN\n    INSERT (BETREUERID, NAME) VALUES (BETREUER_SEQ.NEXTVAL, 'STR');
b00a7a54-96dd-483b-b8ed-950527dd8c25:1746608160954:0:F:MERGE INTO BETREUER t\nUSING (SELECT 'WEL' AS NAME FROM dual) s\nON (t.NAME = s.NAME)\nWHEN NOT MATCHED THEN\n    INSERT (BETREUERID, NAME) VALUES (BETREUER_SEQ.NEXTVAL, 'WEL');
aeb3a8bf-78ac-4a08-9037-fa0252e1d16a:1746608161589:0:F:MERGE INTO BETREUER t\nUSING (SELECT 'LES' AS NAME FROM dual) s\nON (t.NAME = s.NAME)\nWHEN NOT MATCHED THEN\n    INSERT (BETREUERID, NAME) VALUES (BETREUER_SEQ.NEXTVAL, 'LES');
7d4a50fb-a4d2-47b5-ac87-c052dbd8ff05:1746608162198:0:F:MERGE INTO BETREUER t\nUSING (SELECT 'MEY' AS NAME FROM dual) s\nON (t.NAME = s.NAME)\nWHEN NOT MATCHED THEN\n    INSERT (BETREUERID, NAME) VALUES (BETREUER_SEQ.NEXTVAL, 'MEY');
e9b6360d-e0ec-42f7-ab9d-53f945f79cf2:1746608162792:0:F:MERGE INTO BETREUER t\nUSING (SELECT 'HAP' AS NAME FROM dual) s\nON (t.NAME = s.NAME)\nWHEN NOT MATCHED THEN\n    INSERT (BETREUERID, NAME) VALUES (BETREUER_SEQ.NEXTVAL, 'HAP');
038d6020-6b71-47fc-9efc-ee1473b4327a:1746608163322:0:F:MERGE INTO BETREUER t\nUSING (SELECT 'PAN' AS NAME FROM dual) s\nON (t.NAME = s.NAME)\nWHEN NOT MATCHED THEN\n    INSERT (BETREUERID, NAME) VALUES (BETREUER_SEQ.NEXTVAL, 'PAN');
3459f7b7-abbe-4450-89f3-f73a28de355a:1746608163840:0:F:INSERT INTO BETREUER (BETREUERID, NAME)\nSELECT MAX(BETREUERID) + 1, 'LEW' FROM BETREUER\nWHERE NOT EXISTS (SELECT 1 FROM BETREUER WHERE NAME = 'LEW');
efe5c06f-82e4-45c2-8897-d288aeda07f8:1746608167972:0:F:INSERT INTO BETREUER (BETREUERID, NAME)\nSELECT MAX(BETREUERID) + 1, 'Anna' FROM BETREUER\nWHERE NOT EXISTS (SELECT 1 FROM BETREUER WHERE NAME = 'Anna');
07314955-8f47-47c2-8ac9-d3f496d61940:1746608172043:0:F:INSERT INTO BETREUER (BETREUERID, NAME)\nSELECT MAX(BETREUERID) + 1, 'Ina' FROM BETREUER\nWHERE NOT EXISTS (SELECT 1 FROM BETREUER WHERE NAME = 'Ina');
b2354bc8-76ea-45a3-9653-3ccdb186b60d:1746608176121:0:F:INSERT INTO BETREUER (BETREUERID, NAME)\nSELECT MAX(BETREUERID) + 1, 'HES' FROM BETREUER\nWHERE NOT EXISTS (SELECT 1 FROM BETREUER WHERE NAME = 'HES');
057c91b5-46de-4383-a7f4-a9e9a88505e8:1746608180133:90:S:SELECT * FROM BETREUER ORDER BY BETREUERID;
10309cde-3e77-4f8b-8dfa-feaf0eb2e087:1746608324011:0:F:INSERT INTO BETREUER (BETREUERID, NAME) VALUES (26, 'LEW');
e6108481-a17a-4deb-9456-1358755c3972:1746608331768:0:F:INSERT INTO BETREUER (BETREUERID, NAME) VALUES (27, 'HES');
a663140f-5fe4-498c-b8b1-af38ac410644:1746608338788:0:F:INSERT INTO BETREUER (BETREUERID, NAME) VALUES (28, 'BOE');
9e409f05-c05f-4442-a462-eb15d0a03a28:1746608345514:0:F:INSERT INTO BETREUER (BETREUERID, NAME) VALUES (8, 'GEM');
c43a0720-5f01-4df7-aafb-ad1b3187c226:1746608345747:0:F:INSERT INTO BETREUER (BETREUERID, NAME) VALUES (9, 'BUN');
6acaf4ca-b370-426f-be19-cee0941d4bd3:1746608346033:0:F:INSERT INTO BETREUER (BETREUERID, NAME) VALUES (10, 'LOR');
7cb292a2-9c77-4ba9-90b3-1155e2b066b3:1746608346293:0:F:INSERT INTO BETREUER (BETREUERID, NAME) VALUES (11, 'MAR');
722d2755-b1eb-4680-881b-d2a26955f855:1746608346607:0:F:INSERT INTO BETREUER (BETREUERID, NAME) VALUES (12, 'STF');
5a419d5f-725c-48f3-8178-34cbb608ca4d:1746608347633:0:F:INSERT INTO BETREUER (BETREUERID, NAME) VALUES (13, 'SAL');
f986c9f6-184f-40a4-b859-1744dd70aa68:1746608348029:0:F:INSERT INTO BETREUER (BETREUERID, NAME) VALUES (14, 'MUE');
0d3dd8a3-bbee-4b39-8a02-9c75b3017dcf:1746608348421:0:F:INSERT INTO BETREUER (BETREUERID, NAME) VALUES (15, 'FES');
4c7bfd16-c404-4154-ae60-874805338a42:1746608348636:0:F:INSERT INTO BETREUER (BETREUERID, NAME) VALUES (16, 'HNK');
f42c817f-343c-471e-851f-71800530b361:1746608348914:0:F:INSERT INTO BETREUER (BETREUERID, NAME) VALUES (17, 'SIG');
a3aa798d-606e-4b58-8c95-c6faf5e9d07b:1746608349155:0:F:INSERT INTO BETREUER (BETREUERID, NAME) VALUES (18, 'SON');
05c701b0-7c48-44ca-bab3-a60971acff51:1746608349423:0:F:INSERT INTO BETREUER (BETREUERID, NAME) VALUES (19, 'DRO');
bc15db65-441f-4bde-9236-11854db4156d:1746608349712:0:F:INSERT INTO BETREUER (BETREUERID, NAME) VALUES (20, 'STR');
6b30bc67-cbbf-4091-b3e1-d104a097cb97:1746608350084:0:F:INSERT INTO BETREUER (BETREUERID, NAME) VALUES (21, 'WEL');
eef669c1-e7e8-4683-ad24-8eb30ea0bfd2:1746608350360:0:F:INSERT INTO BETREUER (BETREUERID, NAME) VALUES (22, 'LES');
55a9de12-8a02-4c13-9b93-99645aaec609:1746608350633:0:F:INSERT INTO BETREUER (BETREUERID, NAME) VALUES (23, 'MEY');
3ce2ac62-f41e-4763-9392-7091229ff37e:1746608350829:0:F:INSERT INTO BETREUER (BETREUERID, NAME) VALUES (24, 'HAP');
4d4e9891-99c5-4894-be23-09881bd5365d:1746608351082:0:F:INSERT INTO BETREUER (BETREUERID, NAME) VALUES (25, 'PAN');
fb4b6878-5d02-4ccf-9f67-cd3cd958ef9e:1746608831169:0:F:INSERT INTO BETREUER (BETREUERID, NAME) VALUES (26, 'LEW');
c95ad3f8-0fc5-4a01-a680-5eb26453224f:1746608831555:0:F:INSERT INTO BETREUER (BETREUERID, NAME) VALUES (27, 'HES');
0a163345-2dc5-405c-81ce-6790ed510e7e:1746608848595:65:S:INSERT INTO BETREUER (BETREUERID, NAME) VALUES (29, 'LEW');
4fa25cf4-ad4d-40d4-bdd9-4bb847a2480d:1746608848777:122:S:INSERT INTO BETREUER (BETREUERID, NAME) VALUES (299, 'HES');
7fd07ee7-f1a4-450e-86d7-479b127e8145:1746608999579:0:F:INSERT INTO BETREUER (BETREUERID, NAME) VALUES (29, 'LEW');
06d6b549-84c0-4593-8551-78876470e230:1746609000048:0:F:INSERT INTO BETREUER (BETREUERID, NAME) VALUES (299, 'HES');
7f61933d-9d69-4082-a6d3-d44632d6c7ce:1746609096582:171:S:SELECT * FROM BETREUER ORDER BY BETREUERID;
38a38795-6502-4225-b13a-9a166902d13a:1746609096964:76:S:SELECT NAME, COUNT(*) FROM BETREUER \nWHERE NAME IN ('LEW', 'Anna', 'Ina', 'HES', 'Sportlehrer', 'BOE', 'SEPE', 'GEM')\nGROUP BY NAME;
8956f1f0-d50c-44b6-a5e7-9b63bf1e9efa:1746609097210:117:S:COMMIT;
e5d65841-6af1-4513-8a2c-5e7e9b5989e2:1746609100635:0:F:DECLARE\n  v_max_id NUMBER;\n  v_name VARCHAR2(50);\n  v_names SYS.ODCIVARCHAR2LIST := SYS.ODCIVARCHAR2LIST(\n    'LEW', 'Anna', 'Ina', 'HES', 'Sportlehrer', 'BOE', 'SEPE', 'GEM', 'BUN', 'LOR',\n    'MAR', 'STF', 'SAL', 'MUE', 'FES', 'HNK', 'SIG', 'SON', 'DRO', 'STR',\n    'WEL', 'LES', 'MEY', 'HAP', 'PAN'\n  );\nBEGIN\n  -- Höchste ID finden\n  SELECT NVL(MAX(BETREUERID), 1000) INTO v_max_id FROM BETREUER;\n  \n  -- Daten einfügen, wenn nicht vorhanden\n  FOR i IN 1..v_names.COUNT LOOP\n    v_name := v_names(i);\n    \n    -- Prüfen ob Name bereits existiert\n    IF NOT EXISTS (SELECT 1 FROM BETREUER WHERE NAME = v_name) THEN\n      -- Neue ID und Name einfügen\n      v_max_id := v_max_id + 1;\n      \n      -- Debug-Ausgabe\n      DBMS_OUTPUT.PUT_LINE('Füge ein: ' || v_max_id || ' - ' || v_name);\n      \n      -- Einfügen\n      INSERT INTO BETREUER (BETREUERID, NAME) VALUES (v_max_id, v_name);\n    ELSE\n      DBMS_OUTPUT.PUT_LINE('Überspringe: ' || v_name || ' (bereits vorhanden)');\n    END IF;\n  END LOOP;\n  \n  -- Änderungen bestätigen\n  COMMIT;\nEND;\n/
a8844905-1d9a-44e5-9237-6fcfbf06938c:1746609101733:49:S:INSERT INTO BETREUER (BETREUERID, NAME)\nSELECT 2001, 'LEW' FROM DUAL\nWHERE NOT EXISTS (SELECT 1 FROM BETREUER WHERE NAME = 'LEW');
303b7700-3d86-4613-8c99-b110ed5ab223:1746609102138:61:S:INSERT INTO BETREUER (BETREUERID, NAME)\nSELECT 2002, 'Anna' FROM DUAL\nWHERE NOT EXISTS (SELECT 1 FROM BETREUER WHERE NAME = 'Anna');
482171e2-c8a4-4dae-8b04-0328ca3413f3:1746609102413:47:S:INSERT INTO BETREUER (BETREUERID, NAME)\nSELECT 2003, 'Ina' FROM DUAL\nWHERE NOT EXISTS (SELECT 1 FROM BETREUER WHERE NAME = 'Ina');
fa5d6eb5-9db2-4746-ac9c-9ff7e2b63128:1746609102681:50:S:INSERT INTO BETREUER (BETREUERID, NAME)\nSELECT 2004, 'HES' FROM DUAL\nWHERE NOT EXISTS (SELECT 1 FROM BETREUER WHERE NAME = 'HES');
7bf41a80-188c-4ebe-9060-39c073e5f54e:1746609102992:60:S:INSERT INTO BETREUER (BETREUERID, NAME)\nSELECT 2005, 'Sportlehrer' FROM DUAL\nWHERE NOT EXISTS (SELECT 1 FROM BETREUER WHERE NAME = 'Sportlehrer');
b47a9448-966c-4b27-86a6-bc914124e45c:1746609103217:64:S:INSERT INTO BETREUER (BETREUERID, NAME)\nSELECT 2006, 'BOE' FROM DUAL\nWHERE NOT EXISTS (SELECT 1 FROM BETREUER WHERE NAME = 'BOE');
aae781b0-c0f0-4d1a-912c-c927e087ffe2:1746609103567:111:S:INSERT INTO BETREUER (BETREUERID, NAME)\nSELECT 2007, 'SEPE' FROM DUAL\nWHERE NOT EXISTS (SELECT 1 FROM BETREUER WHERE NAME = 'SEPE');
946146f2-40a0-4144-bc83-8234056381fb:1746609103842:144:S:INSERT INTO BETREUER (BETREUERID, NAME)\nSELECT 2008, 'GEM' FROM DUAL\nWHERE NOT EXISTS (SELECT 1 FROM BETREUER WHERE NAME = 'GEM');
aaeb9387-d3bd-4c96-aade-b4fcb934d3f2:1746609104198:93:S:INSERT INTO BETREUER (BETREUERID, NAME)\nSELECT 2009, 'BUN' FROM DUAL\nWHERE NOT EXISTS (SELECT 1 FROM BETREUER WHERE NAME = 'BUN');
b1b07d77-d892-45bc-9b62-c55fa9faf3a3:1746609104451:147:S:INSERT INTO BETREUER (BETREUERID, NAME)\nSELECT 2010, 'LOR' FROM DUAL\nWHERE NOT EXISTS (SELECT 1 FROM BETREUER WHERE NAME = 'LOR');
1780fb13-17f6-40ba-9b7c-b12fe72f3944:1746609104789:115:S:INSERT INTO BETREUER (BETREUERID, NAME)\nSELECT 2011, 'MAR' FROM DUAL\nWHERE NOT EXISTS (SELECT 1 FROM BETREUER WHERE NAME = 'MAR');
0af09a35-54e6-4c73-81b7-58d3ded10a89:1746609105199:83:S:INSERT INTO BETREUER (BETREUERID, NAME)\nSELECT 2012, 'STF' FROM DUAL\nWHERE NOT EXISTS (SELECT 1 FROM BETREUER WHERE NAME = 'STF');
fdda0a73-9680-45f6-8f23-6f5108cc51df:1746609105437:83:S:INSERT INTO BETREUER (BETREUERID, NAME)\nSELECT 2013, 'SAL' FROM DUAL\nWHERE NOT EXISTS (SELECT 1 FROM BETREUER WHERE NAME = 'SAL');
aa1c516a-421c-4d80-bbcc-72cbd38a9390:1746609105690:49:S:INSERT INTO BETREUER (BETREUERID, NAME)\nSELECT 2014, 'MUE' FROM DUAL\nWHERE NOT EXISTS (SELECT 1 FROM BETREUER WHERE NAME = 'MUE');
6918edc4-339b-413e-b438-9fd34de0f47e:1746609105894:110:S:INSERT INTO BETREUER (BETREUERID, NAME)\nSELECT 2015, 'FES' FROM DUAL\nWHERE NOT EXISTS (SELECT 1 FROM BETREUER WHERE NAME = 'FES');
6debe093-85d7-45bc-ac73-51457991fbcd:1746609106160:62:S:INSERT INTO BETREUER (BETREUERID, NAME)\nSELECT 2016, 'HNK' FROM DUAL\nWHERE NOT EXISTS (SELECT 1 FROM BETREUER WHERE NAME = 'HNK');
32933308-eb7a-40be-aa5e-6096583026f9:1746609106363:54:S:INSERT INTO BETREUER (BETREUERID, NAME)\nSELECT 2017, 'SIG' FROM DUAL\nWHERE NOT EXISTS (SELECT 1 FROM BETREUER WHERE NAME = 'SIG');
58ce7e2f-9826-4604-b3a0-853214a701db:1746609106565:83:S:INSERT INTO BETREUER (BETREUERID, NAME)\nSELECT 2018, 'SON' FROM DUAL\nWHERE NOT EXISTS (SELECT 1 FROM BETREUER WHERE NAME = 'SON');
819e99d8-0af4-47cb-9319-8d8dbadae3c9:1746609106833:120:S:INSERT INTO BETREUER (BETREUERID, NAME)\nSELECT 2019, 'DRO' FROM DUAL\nWHERE NOT EXISTS (SELECT 1 FROM BETREUER WHERE NAME = 'DRO');
7a853386-e7d2-4dca-b6b1-8b781559e8a9:1746609107124:123:S:INSERT INTO BETREUER (BETREUERID, NAME)\nSELECT 2020, 'STR' FROM DUAL\nWHERE NOT EXISTS (SELECT 1 FROM BETREUER WHERE NAME = 'STR');
a8238a9d-316a-459d-bdee-b3f4b55d0c7c:1746609107427:144:S:INSERT INTO BETREUER (BETREUERID, NAME)\nSELECT 2021, 'WEL' FROM DUAL\nWHERE NOT EXISTS (SELECT 1 FROM BETREUER WHERE NAME = 'WEL');
3d52e575-33ca-4a8a-944c-5f94a9be7f0d:1746609107749:127:S:INSERT INTO BETREUER (BETREUERID, NAME)\nSELECT 2022, 'LES' FROM DUAL\nWHERE NOT EXISTS (SELECT 1 FROM BETREUER WHERE NAME = 'LES');
316cffb6-b360-4316-8e34-8d24e07c4c28:1746609108052:130:S:INSERT INTO BETREUER (BETREUERID, NAME)\nSELECT 2023, 'MEY' FROM DUAL\nWHERE NOT EXISTS (SELECT 1 FROM BETREUER WHERE NAME = 'MEY');
ed7d8e5f-a286-4b18-aae5-f1ddfcc3365f:1746609108342:148:S:INSERT INTO BETREUER (BETREUERID, NAME)\nSELECT 2024, 'HAP' FROM DUAL\nWHERE NOT EXISTS (SELECT 1 FROM BETREUER WHERE NAME = 'HAP');
47bb56c8-d1a4-41c6-82e3-5cb72fa64d83:1746609108673:124:S:INSERT INTO BETREUER (BETREUERID, NAME)\nSELECT 2025, 'PAN' FROM DUAL\nWHERE NOT EXISTS (SELECT 1 FROM BETREUER WHERE NAME = 'PAN');
ba34ea6d-42c7-4625-b130-0857c4f9dd09:1746609108908:101:S:COMMIT;
ab15aa04-9321-41ce-ad75-e4b2f066e3c7:1746609109127:86:S:SELECT * FROM BETREUER ORDER BY BETREUERID;
